// Jest Snapshot v1, https://goo.gl/fbAQLP

exports[`<Navbar /> should render a default navbar with a title 1`] = `
<nav
  class="css-14xwee0"
>
  <h3
    class="css-yzo0ge"
  >
    My navbar
  </h3>
</nav>
`;
